go
Do you want a low_price car?
no

Do you want a medium_price car?
no

Do you want a high_price car?
no

Do you want a very_high_price car?
yes

Do you want a for_every_day car?
no

Do you want a for_transporting car?
no

Do you want a for_off_road car?
no

Do you want a for_family car?
no

Do you want a american car?
no

Do you want a british car?
no

Do you want a german car?
no

Do you want a japan car?
yes

The best car for you is nissan_gtr
1true
×_⇊go
Do you want a low_price car?
no

Do you want a medium_price car?
yes

Do you want a for_every_day car?
no

Do you want a for_transporting car?
yes

Do you want a high_price car?
no

Do you want a very_high_price car?
no

The best car for you is unknown
1true
×_⇊go
Do you want a low_price car?
no

Do you want a medium_price car?
no

Do you want a high_price car?
yes

Do you want a for_every_day car?
no

Do you want a for_transporting car?
no

Do you want a for_off_road car?
yes

Do you want a for_family car?
yes

Do you want a big_trunk car?
yes

Do you want a american car?
no

Do you want a german car?
no

Do you want a japan car?
yes

The best car for you is toyota_land_cruiser
1true
×_⇊go
Do you want a low_price car?
yes

Do you want a for_every_day car?
yes

Do you want a for_family car?
no

Do you want a big_trunk car?
no

Do you want a american car?
yes

The best car for you is ford_ka
1true
×_⇊go
Do you want a low_price car?
no

Do you want a medium_price car?
no

Do you want a high_price car?
no

Do you want a very_high_price car?
yes

Do you want a for_every_day car?
no

Do you want a for_transporting car?
no

Do you want a for_off_road car?
no

Do you want a for_family car?
no

Do you want a american car?
no

Do you want a british car?
yes

The best car for you is jaguar_f_type
1true
×_⇊go
Do you want a low_price car?
no

Do you want a medium_price car?
no

Do you want a high_price car?
no

Do you want a very_high_price car?
yes

Do you want a for_every_day car?
no

Do you want a for_transporting car?
yes

Do you want a for_family car?
yes

The best car for you is unknown
1true
×_⇊go
Do you want a low_price car?
no

Do you want a medium_price car?
no

Do you want a high_price car?
yes

Do you want a for_every_day car?
no

Do you want a for_transporting car?
yes

Do you want a for_off_road car?
yes

Do you want a for_family car?
yes

Do you want a big_trunk car?
yes

Do you want a american car?
yes

The best car for you is dodge_ram
1true
×_⇊go
Do you want a low_price car?
no

Do you want a medium_price car?
no

Do you want a high_price car?
yes

Do you want a for_every_day car?
yes

Do you want a for_family car?
no

Do you want a big_trunk car?
no

Do you want a british car?
yes

The best car for you is aston_martin_cygnet
1true
×_⇊go
Do you want a low_price car?
no

Do you want a medium_price car?
yes

Do you want a for_every_day car?
yes

Do you want a for_family car?
yes

Do you want a big_trunk car?
no

Do you want a german car?
yes

The best car for you is audi_a1
1true
×_⇊go
Do you want a low_price car?
no

Do you want a medium_price car?
no

Do you want a high_price car?
no

Do you want a very_high_price car?
yes

Do you want a for_every_day car?
no

Do you want a for_transporting car?
no

Do you want a for_off_road car?
no

Do you want a for_family car?
no

Do you want a american car?
no

Do you want a british car?
no

Do you want a german car?
yes

The best car for you is bentley_continental
1true
×_⇊go
Do you want a low_price car?
no

Do you want a medium_price car?
no

Do you want a high_price car?
no

Do you want a very_high_price car?
yes

Do you want a for_every_day car?
no

Do you want a for_transporting car?
no

Do you want a for_off_road car?
no

Do you want a for_family car?
no

Do you want a american car?
no

Do you want a british car?
no

Do you want a german car?
yes

The best car for you is mercedes_sls_amg
1true
×_⇊go
Do you want a low_price car?
no

Do you want a medium_price car?
yes

Do you want a for_every_day car?
yes

Do you want a for_family car?
yes

Do you want a big_trunk car?
no

Do you want a german car?
yes

The best car for you is audi_a1
1true
×_⇊go
Do you want a low_price car?
no

Do you want a medium_price car?
yes

Do you want a for_every_day car?
yes

Do you want a for_family car?
yes

Do you want a big_trunk car?
no

Do you want a german car?
no

Do you want a japan car?
yes

The best car for you is subaru_impreza
1true
×_⇊go
Do you want a low_price car?
no

Do you want a medium_price car?
yes

Do you want a for_every_day car?
yes

Do you want a for_family car?
yes

Do you want a big_trunk car?
no

Do you want a presentability car?
yes

Do you want a american car?
no

Do you want a french car?
no

Do you want a german car?
yes

The best car for you is bmw_3er
1true
×_⇊go
Do you want a low_price car?
no

Do you want a medium_price car?
no

Do you want a high_price car?
yes

Do you want a for_every_day car?
yes

Do you want a for_family car?
yes

Do you want a big_trunk car?
no

Do you want a presentability car?
yes

Do you want a american car?
no

Do you want a german car?
yes

The best car for you is bmw_5er
1true
×_⇊go
Do you want a low_price car?
no

Do you want a medium_price car?
yes

Do you want a for_every_day car?
yes

Do you want a for_family car?
yes

Do you want a big_trunk car?
yes

Do you want a for_off_road car?
yes

Do you want a american car?
no

Do you want a british car?
n

Do you want a german car?
yes

The best car for you is bmw_x3
1true
×_⇊go
Do you want a low_price car?
no

Do you want a medium_price car?
no

Do you want a high_price car?
no

Do you want a very_high_price car?
yes

Do you want a for_every_day car?
yes

Do you want a for_family car?
yes

Do you want a big_trunk car?
yes

The best car for you is unknown
1true
×_⇊go
Do you want a low_price car?
no

Do you want a medium_price car?
no

Do you want a high_price car?
yes

Do you want a for_every_day car?
yes

Do you want a for_family car?
yes

Do you want a big_trunk car?
yes

Do you want a for_off_road car?
no

Do you want a american car?
yes

The best car for you is cadillac_cts
1true
×_⇊go
Do you want a low_price car?
no

Do you want a medium_price car?
no

Do you want a high_price car?
yes

Do you want a for_every_day car?
no

Do you want a for_family car?
yes

Do you want a for_transporting car?
no

Do you want a american car?
yes

The best car for you is cadillac_escalade
1true
×_⇊go
Do you want a low_price car?
yes

Do you want a for_every_day car?
yes

Do you want a for_family car?
yes

Do you want a big_trunk car?
no

Do you want a presentability car?
no

Do you want a american car?
yes

The best car for you is chevrolet_aveo
1true
×_⇊go
Do you want a low_price car?
no

Do you want a medium_price car?
no

Do you want a high_price car?
no

Do you want a very_high_price car?
yes

Do you want a for_every_day car?
no

Do you want a for_family car?
no

Do you want a american car?
yes

The best car for you is chevrolet_camaro
1true
×_⇊go
Do you want a low_price car?
yes

Do you want a for_every_day car?
yes

Do you want a for_family car?
yes

Do you want a big_trunk car?
yes

Do you want a for_off_road car?
no

Do you want a american car?
yes

The best car for you is chevrolet_cruze
1true
×_⇊go
Do you want a low_price car?
yes

Do you want a for_every_day car?
yes

Do you want a for_family car?
yes

Do you want a big_trunk car?
yes

Do you want a for_off_road car?
yes

Do you want a american car?
no

Do you want a french car?
yes

The best car for you is citroen_c4
1true
×_⇊go
Do you want a low_price car?
no

Do you want a medium_price car?
no

Do you want a high_price car?
yes

Do you want a for_every_day car?
yes

Do you want a for_family car?
yes

Do you want a big_trunk car?
no

Do you want a presentability car?
yes

Do you want a american car?
yes

The best car for you is dodge_charger
1true
×_⇊go
Do you want a low_price car?
yes

Do you want a for_every_day car?
yes

Do you want a for_family car?
yes

Do you want a big_trunk car?
yes

Do you want a for_off_road car?
yes

Do you want a american car?
yes

The best car for you is ford_escape
1true
×_⇊go
Do you want a low_price car?
yes

Do you want a for_every_day car?
yes

Do you want a for_family car?
yes

Do you want a big_trunk car?
no

Do you want a presentability car?
yes

Do you want a american car?
yes

The best car for you is ford_focus
1true
×_⇊go
Do you want a low_price car?
no

Do you want a medium_price car?
no

Do you want a high_price car?
yes

Do you want a for_every_day car?
no

Do you want a for_family car?
yes

Do you want a for_transporting car?
yes

Do you want a american car?
yes

The best car for you is dodge_ram
1true
×_⇊go
Do you want a low_price car?
yes

Do you want a for_every_day car?
yes

Do you want a for_family car?
no

Do you want a american car?
yes

The best car for you is ford_ka
1true
×_⇊go
Do you want a low_price car?
no

Do you want a medium_price car?
yes

Do you want a for_every_day car?
yes

Do you want a for_family car?
yes

Do you want a big_trunk car?
no

Do you want a presentability car?
yes

Do you want a american car?
yes

The best car for you is ford_mondeo
1true
×_⇊go
Do you want a low_price car?
no

Do you want a medium_price car?
no

Do you want a high_price car?
yes

Do you want a for_every_day car?
yes

Do you want a for_family car?
yes

Do you want a big_trunk car?
yes

Do you want a for_off_road car?
yes

Do you want a german car?
no

Do you want a very_high_price car?
no

The best car for you is unknown
1true
×_⇊go
Do you want a low_price car?
no

Do you want a medium_price car?
no

Do you want a high_price car?
yes

Do you want a for_every_day car?
yes

Do you want a for_family car?
yes

Do you want a big_trunk car?
yes

Do you want a for_off_road car?
yes

Do you want a german car?
no

Do you want a japan car?
yes

The best car for you is infiniti_fx
1true
×_⇊go
Do you want a low_price car?
no

Do you want a medium_price car?
no

Do you want a high_price car?
no

Do you want a very_high_price car?
yes

Do you want a for_every_day car?
no

Do you want a for_family car?
yes

Do you want a for_transporting car?
no

Do you want a german car?
no

Do you want a japan car?
yes

The best car for you is infiniti_qx
1true
×_⇊go
Do you want a low_price car?
no

Do you want a medium_price car?
no

Do you want a high_price car?
yes

Do you want a for_every_day car?
yes

Do you want a for_family car?
yes

Do you want a big_trunk car?
yes

Do you want a for_off_road car?
no

Do you want a american car?
no

Do you want a british car?
yes

The best car for you is jaguar_xf
1true
×_⇊go
Do you want a low_price car?
no

Do you want a medium_price car?
yes

Do you want a for_every_day car?
yes

Do you want a for_family car?
yes

Do you want a big_trunk car?
yes

Do you want a for_off_road car?
yes

Do you want a american car?
yes

The best car for you is jeep_compass
1true
×_⇊go
Do you want a low_price car?
no

Do you want a medium_price car?
no

Do you want a high_price car?
yes

Do you want a for_every_day car?
yes

Do you want a for_family car?
yes

Do you want a big_trunk car?
yes

Do you want a for_off_road car?
yes

Do you want a german car?
yes

The best car for you is porsche_macan
1true
×_⇊go
Do you want a low_price car?
no

Do you want a medium_price car?
no

Do you want a high_price car?
yes

Do you want a for_every_day car?
no

Do you want a for_family car?
yes

Do you want a for_transporting car?
no

Do you want a american car?
yes

The best car for you is cadillac_escalade
1true
×_⇊go
Do you want a low_price car?
no

Do you want a medium_price car?
yes

Do you want a for_every_day car?
no

Do you want a for_family car?
yes

Do you want a for_transporting car?
no

Do you want a american car?
yes

The best car for you is jeep_grand_cherokee
1true
×_⇊go
Do you want a low_price car?
no

Do you want a medium_price car?
yes

Do you want a for_every_day car?
no

Do you want a for_family car?
yes

Do you want a for_transporting car?
no

Do you want a american car?
no

Do you want a british car?
yes

The best car for you is land_rover_discovery
1true
×_⇊go
Do you want a low_price car?
no

Do you want a medium_price car?
yes

Do you want a for_every_day car?
yes

Do you want a for_family car?
yes

Do you want a big_trunk car?
yes

Do you want a for_off_road car?
yes

Do you want a american car?
no

Do you want a british car?
yes

The best car for you is land_rover_freelander
1true
×_⇊go
Do you want a low_price car?
no

Do you want a medium_price car?
no

Do you want a high_price car?
yes

Do you want a for_every_day car?
yes

Do you want a for_family car?
yes

Do you want a big_trunk car?
no

Do you want a presentability car?
no

Do you want a japan car?
yes

The best car for you is lexus_ct
1true
×_⇊go
Do you want a low_price car?
no

Do you want a medium_price car?
no

Do you want a high_price car?
yes

Do you want a for_every_day car?
yes

Do you want a for_family car?
yes

Do you want a big_trunk car?
n

Do you want a presentability car?
yes

Do you want a american car?
no

Do you want a german car?
no

Do you want a japan car?
yes

The best car for you is lexus_gs
1true
×_⇊go
Do you want a low_price car?
no

Do you want a medium_price car?
no

Do you want a high_price car?
no

Do you want a very_high_price car?
yes

Do you want a for_every_day car?
yes

Do you want a for_family car?
yes

Do you want a big_trunk car?
no

Do you want a presentability car?
yes

Do you want a american car?
no

Do you want a german car?
no

Do you want a japan car?
yes

The best car for you is lexus_ls
1true
×_⇊go
Do you want a low_price car?
no

Do you want a medium_price car?
yes

Do you want a for_every_day car?
yes

Do you want a for_family car?
yes

Do you want a big_trunk car?
yes

Do you want a for_off_road car?
no

Do you want a german car?
yes

The best car for you is mercedes_c_klasse
1true
×_⇊go
Do you want a low_price car?
no

Do you want a medium_price car?
no

Do you want a high_price car?
yes

Do you want a for_every_day car?
yes

Do you want a for_family car?
yes

Do you want a big_trunk car?
yes

Do you want a for_off_road car?
no

Do you want a american car?
no

Do you want a british car?
no

Do you want a german car?
yes

The best car for you is mercedes_e_klasse
1true
×_⇊go
Do you want a low_price car?
no

Do you want a medium_price car?
no

Do you want a high_price car?
yes

Do you want a for_every_day car?
no

Do you want a for_family car?
yes

Do you want a for_transporting car?
no

Do you want a american car?
no

Do you want a german car?
yes

The best car for you is mercedes_g_klasse
1true
×_⇊go
Do you want a low_price car?
no

Do you want a medium_price car?
no

Do you want a high_price car?
no

Do you want a very_high_price car?
yes

Do you want a for_every_day car?
no

Do you want a for_family car?
yes

Do you want a for_transporting car?
no

Do you want a german car?
yes

The best car for you is merceds_gl_klasse
1true
×_⇊go
Do you want a low_price car?
no

Do you want a medium_price car?
no

Do you want a high_price car?
no

Do you want a very_high_price car?
yes

Do you want a for_every_day car?
yes

Do you want a for_family car?
yes

Do you want a big_trunk car?
no

Do you want a presentability car?
yes

Do you want a american car?
no

Do you want a german car?
yes

The best car for you is mercedes_s_klasse
1true
×_⇊go
Do you want a low_price car?
no

Do you want a medium_price car?
no

Do you want a high_price car?
no

Do you want a very_high_price car?
yes

Do you want a for_every_day car?
no

Do you want a for_family car?
no

Do you want a american car?
no

Do you want a british car?
no

Do you want a german car?
yes

The best car for you is mercedes_sls_amg
1true
×_⇊go
Do you want a low_price car?
no

Do you want a medium_price car?
yes

Do you want a for_every_day car?
yes

Do you want a for_family car?
yes

Do you want a big_trunk car?
no

Do you want a presentability car?
no

Do you want a german car?
no

Do you want a japan car?
yes

The best car for you is subaru_impreza
1true
×_⇊go
Do you want a low_price car?
no

Do you want a medium_price car?
yes

Do you want a for_every_day car?
yes

Do you want a for_family car?
no

Do you want a british car?
yes

The best car for you is mini_cooper
1true
×_⇊go
Do you want a low_price car?
no

Do you want a medium_price car?
yes

Do you want a for_every_day car?
yes

Do you want a for_family car?
yes

Do you want a big_trunk car?
yes

Do you want a for_off_road car?
yes

Do you want a american car?
no

Do you want a british car?
no

Do you want a german car?
no

Do you want a japan car?
yes

The best car for you is mitsubishi_outlander
1true
×_⇊go
Do you want a low_price car?
no

Do you want a medium_price car?
no

Do you want a high_price car?
no

Do you want a very_high_price car?
yes

Do you want a for_every_day car?
no

Do you want a for_family car?
no

Do you want a american car?
no

Do you want a british car?
no

Do you want a german car?
no

Do you want a japan car?
yes

The best car for you is nissan_gtr
1true
×_⇊go
Do you want a low_price car?
no

Do you want a medium_price car?
yes

Do you want a for_every_day car?
** Execution aborted **
×_⇊go
Do you want a low_price car?
yes

Do you want a for_every_day car?
yes

Do you want a for_family car?
yes

Do you want a big_trunk car?
yes

Do you want a for_off_road car?
yes

Do you want a american car?
no

Do you want a french car?
no

Do you want a german car?
no

Do you want a japan car?
yes

The best car for you is nissan_juke
1true
×_⇊go
Do you want a low_price car?
no

Do you want a medium_price car?
yes

Do you want a for_every_day car?
no

Do you want a for_family car?
yes

Do you want a for_transporting car?
no

Do you want a american car?
no

Do you want a british car?
no

Do you want a japan car?
yes

The best car for you is nissan_pathfinder
1true
×_⇊go
Do you want a low_price car?
yes

Do you want a for_every_day car?
yes

Do you want a for_family car?
yes

Do you want a big_trunk car?
no

Do you want a presentability car?
no

Do you want a american car?
no

Do you want a french car?
no

Do you want a german car?
yes

The best car for you is opel_astra
1true
×_⇊go
Do you want a low_price car?
yes

Do you want a for_every_day car?
yes

Do you want a for_family car?
yes

Do you want a big_trunk car?
yes

Do you want a for_off_road car?
yes

Do you want a american car?
no

Do you want a french car?
no

Do you want a german car?
yes

The best car for you is opel_mokka
1true
×_⇊go
Do you want a low_price car?
yes

Do you want a for_every_day car?
yes

Do you want a for_family car?
yes

Do you want a big_trunk car?
no

Do you want a presentability car?
yes

Do you want a american car?
no

Do you want a french car?
no

Do you want a german car?
yes

The best car for you is volkswagen_jetta
1true
×_⇊go
Do you want a low_price car?
yes

Do you want a for_every_day car?
yes

Do you want a for_family car?
yes

Do you want a big_trunk car?
yes

Do you want a for_off_road car?
no

Do you want a american car?
no

Do you want a french car?
no

Do you want a german car?
yes

The best car for you is opel_vectra
1true
×_⇊go
Do you want a low_price car?
yes

Do you want a for_every_day car?
yes

Do you want a for_family car?
no

Do you want a american car?
no

Do you want a french car?
yes

The best car for you is peugeot_107
1true
×_⇊go
Do you want a low_price car?
yes

Do you want a for_every_day car?
yes

Do you want a for_family car?
yes

Do you want a big_trunk car?
no

Do you want a presentability car?
no

Do you want a american car?
no

Do you want a french car?
yes

The best car for you is peugeot_308
1true
×_⇊go
Do you want a low_price car?
yes

Do you want a for_every_day car?
yes

Do you want a for_family car?
yes

Do you want a big_trunk car?
yes

Do you want a for_off_road car?
no

Do you want a american car?
no

Do you want a french car?
yes

The best car for you is peugeot_407
1true
×_⇊go
Do you want a low_price car?
yes

Do you want a for_every_day car?
yes

Do you want a for_family car?
yes

Do you want a big_trunk car?
no

Do you want a presentability car?
yes

Do you want a american car?
no

Do you want a french car?
yes

The best car for you is peugeot_408
1true
×_⇊go
Do you want a low_price car?
no

Do you want a medium_price car?
yes

Do you want a for_every_day car?
yes

Do you want a for_family car?
yes

Do you want a big_trunk car?
no

Do you want a presentability car?
yes

Do you want a american car?
no

Do you want a french car?
yes

The best car for you is peugeot_607
1true
×_⇊go
Do you want a low_price car?
no

Do you want a medium_price car?
no

Do you want a high_price car?
yes

Do you want a for_every_day car?
yes

Do you want a for_family car?
yes

Do you want a big_trunk car?
yes

Do you want a for_off_road car?
yes

Do you want a german car?
yes

The best car for you is porsche_macan
1true
×_⇊go
Do you want a low_price car?
yes

Do you want a for_every_day car?
yes

Do you want a for_family car?
** Execution aborted **
×_⇊go
Do you want a low_price car?
yes

Do you want a for_every_day car?
no

Do you want a for_family car?
yes

Do you want a for_transporting car?
no

Do you want a french car?
yes

The best car for you is renault_duster
1true
×_⇊go
Do you want a low_price car?
no

Do you want a medium_price car?
yes

Do you want a for_every_day car?
yes

Do you want a for_family car?
no

Do you want a british car?
no

Do you want a german car?
yes

The best car for you is smart_fortwo
1true
×_⇊go
Do you want a low_price car?
no

Do you want a medium_price car?
yes

Do you want a for_every_day car?
yes

Do you want a for_family car?
yes

Do you want a big_trunk car?
no

Do you want a presentability car?
no

Do you want a german car?
no

Do you want a japan car?
yes

The best car for you is subaru_impreza
1true
×_⇊go
Do you want a low_price car?
no

Do you want a medium_price car?
no

Do you want a high_price car?
nio

Do you want a very_high_price car?
yes

Do you want a for_every_day car?
yes

Do you want a for_family car?
yes

Do you want a big_trunk car?
no

Do you want a presentability car?
yes

Do you want a american car?
yes

The best car for you is tesla_model_s
1true
×_⇊go
Do you want a low_price car?
no

Do you want a medium_price car?
yes

Do you want a for_every_day car?
yes

Do you want a for_family car?
n

Do you want a british car?
no

Do you want a german car?
no

Do you want a japan car?
yes

The best car for you is toyota_iq
1true
×_⇊go
Do you want a low_price car?
yes

Do you want a for_every_day car?
yes

Do you want a for_family car?
yes

Do you want a big_trunk car?
no

Do you want a presentability car?
no

Do you want a american car?
no

Do you want a french car?
no

Do you want a german car?
no

Do you want a japan car?
yes

The best car for you is toyota_auris
1true
×_⇊go
Do you want a low_price car?
no

Do you want a medium_price car?
yes

Do you want a for_every_day car?
yes

Do you want a for_family car?
yes

Do you want a big_trunk car?
yes

Do you want a for_off_road car?
no

Do you want a german car?
no

Do you want a japan car?
yes

The best car for you is toyota_avensis
1true
×_⇊go
Do you want a low_price car?
no

Do you want a medium_price car?
yes

Do you want a for_every_day car?
yes

Do you want a for_family car?
yes

Do you want a big_trunk car?
no

Do you want a presentability car?
yes

Do you want a american car?
no

Do you want a french car?
no

Do you want a german car?
no

Do you want a japan car?
yes

The best car for you is toyota_camry
1true
×_⇊go
Do you want a low_price car?
yes

Do you want a for_every_day car?
yes

Do you want a for_family car?
yes

Do you want a big_trunk car?
no

Do you want a presentability car?
yes

Do you want a american car?
no

Do you want a french car?
no

Do you want a german car?
no

Do you want a japan car?
yes

The best car for you is toyota_corolla
1true
×_⇊go
Do you want a low_price car?
no

Do you want a medium_price car?
no

Do you want a high_price car?
yes

Do you want a for_every_day car?
no

Do you want a for_family car?
yes

Do you want a for_transporting car?
no

Do you want a american car?
no

Do you want a german car?
no

Do you want a japan car?
yes

The best car for you is toyota_land_cruiser
1true
×_⇊go
Do you want a low_price car?
yes

Do you want a for_every_day car?
yes

Do you want a for_family car?
yes

Do you want a big_trunk car?
yes

Do you want a for_off_road car?
no

Do you want a american car?
no

Do you want a french car?
no

Do you want a german car?
no

Do you want a japan car?
yes

The best car for you is toyota_prius
1true
×_⇊go
Do you want a low_price car?
yes

Do you want a for_every_day car?
yes

Do you want a for_family car?
yes

Do you want a big_trunk car?
no

Do you want a presentability car?
yes

Do you want a american car?
no

Do you want a french car?
no

Do you want a german car?
yes

The best car for you is volkswagen_jetta
1true
×_⇊go
Do you want a low_price car?
yes

Do you want a for_every_day car?
yes

Do you want a for_family car?
yes

Do you want a big_trunk car?
no

Do you want a presentability car?
no

Do you want a american car?
no

Do you want a french car?
no

Do you want a german car?
no

Do you want a japan car?
no

Do you want a medium_price car?
** Execution aborted **
×_⇊go
Do you want a low_price car?
no

Do you want a medium_price car?
yes

Do you want a for_every_day car?
yes

Do you want a for_family car?
yes

Do you want a big_trunk car?
no

Do you want a presentability car?
no

Do you want a german car?
no

Do you want a japan car?
no

Do you want a swedish car?
yes

The best car for you is volvo_c30
1true
×_⇊go
Do you want a low_price car?
no

Do you want a medium_price car?
no

Do you want a high_price car?
no

Do you want a very_high_price car?
** Execution aborted **
×_⇊go
Do you want a low_price car?
no

Do you want a medium_price car?
no

Do you want a high_price car?
yes

Do you want a for_every_day car?
yes

Do you want a for_family car?
yes

Do you want a big_trunk car?
no

Do you want a presentability car?
yes

Do you want a american car?
no

Do you want a german car?
no

Do you want a japan car?
no

Do you want a swedish car?
yes

The best car for you is volvo_s80
1true
×_⇊go
Do you want a low_price car?
no

Do you want a medium_price car?
yes

Do you want a for_every_day car?
yes

Do you want a for_family car?
yes

Do you want a big_trunk car?
yes

Do you want a for_off_road car?
no

Do you want a german car?
no

Do you want a japan car?
no

Do you want a swedish car?
yes

The best car for you is volvo_xc_70
1true
